EN puls NULL /home/q13/Documents/papala/dynamickyDisplej/puls.vhd sub00/vhpl02 1709627588
AR dynamickydisplej behavioral /home/q13/Documents/papala/dynamickyDisplej/dynamickyDisplej.vhd sub00/vhpl01 1709627587
EN top NULL /home/q13/Documents/papala/dynamickyDisplej/top.vhd sub00/vhpl04 1709627590
AR puls behavioral /home/q13/Documents/papala/dynamickyDisplej/puls.vhd sub00/vhpl03 1709627589
EN dynamickydisplej NULL /home/q13/Documents/papala/dynamickyDisplej/dynamickyDisplej.vhd sub00/vhpl00 1709627586
AR top behavioral /home/q13/Documents/papala/dynamickyDisplej/top.vhd sub00/vhpl05 1709627591
